2026-07-03 13:20:30,272 INFO Fetching data from https://data.cityofnewyork.us/resource/7479-ugqb.json
2026-07-03 13:20:31,654 INFO Fetched 6514 records
2026-07-03 13:20:31,655 INFO Fetching metadata from https://data.cityofnewyork.us/api/views/metadata/v1/7479-ugqb
2026-07-03 13:20:31,812 INFO Saving data to Daily data/2026_07_02.json
2026-07-03 13:20:31,858 INFO Saved data successfully.
2026-07-04 07:34:31,402 INFO Fetching data from https://data.cityofnewyork.us/resource/7479-ugqb.json
2026-07-04 07:34:32,152 INFO Fetched 6497 records
2026-07-04 07:34:32,152 INFO Fetching metadata from https://data.cityofnewyork.us/api/views/metadata/v1/7479-ugqb
2026-07-04 07:34:32,435 INFO Saving data to Daily data/2026_07_03.json
2026-07-04 07:34:32,480 INFO Saved data successfully.
2026-07-05 07:50:50,849 INFO Fetching data from https://data.cityofnewyork.us/resource/7479-ugqb.json
2026-07-05 07:50:51,553 INFO Fetched 6497 records
2026-07-05 07:50:51,553 INFO Fetching metadata from https://data.cityofnewyork.us/api/views/metadata/v1/7479-ugqb
2026-07-05 07:50:51,822 INFO Saving data to Daily data/2026_07_03.json
2026-07-05 07:50:51,868 INFO Saved data successfully.
2026-07-06 08:53:45,694 INFO Fetching data from https://data.cityofnewyork.us/resource/7479-ugqb.json
2026-07-06 08:53:47,087 INFO Fetched 6497 records
2026-07-06 08:53:47,088 INFO Fetching metadata from https://data.cityofnewyork.us/api/views/metadata/v1/7479-ugqb
2026-07-06 08:53:47,153 INFO Saving data to Daily data/2026_07_03.json
2026-07-06 08:53:47,201 INFO Saved data successfully.
2026-07-07 08:13:09,780 INFO Fetching data from https://data.cityofnewyork.us/resource/7479-ugqb.json
2026-07-07 08:13:11,054 INFO Fetched 6589 records
2026-07-07 08:13:11,055 INFO Fetching metadata from https://data.cityofnewyork.us/api/views/metadata/v1/7479-ugqb
2026-07-07 08:13:11,268 INFO Saving data to Daily data/2026_07_06.json
2026-07-07 08:13:11,314 INFO Saved data successfully.
2026-07-08 07:20:23,274 INFO Fetching data from https://data.cityofnewyork.us/resource/7479-ugqb.json
2026-07-08 07:20:24,333 INFO Fetched 6589 records
2026-07-08 07:20:24,333 INFO Fetching metadata from https://data.cityofnewyork.us/api/views/metadata/v1/7479-ugqb
2026-07-08 07:20:24,759 INFO Saving data to Daily data/2026_07_06.json
2026-07-08 07:20:24,806 INFO Saved data successfully.
2026-07-09 14:26:37,280 INFO Fetching data from https://data.cityofnewyork.us/resource/7479-ugqb.json
2026-07-09 14:26:38,602 INFO Fetched 6551 records
2026-07-09 14:26:38,603 INFO Fetching metadata from https://data.cityofnewyork.us/api/views/metadata/v1/7479-ugqb
2026-07-09 14:26:38,967 INFO Saving data to Daily data/2026_07_08.json
2026-07-09 14:26:39,013 INFO Saved data successfully.
2026-07-10 08:14:12,187 INFO Fetching data from https://data.cityofnewyork.us/resource/7479-ugqb.json
2026-07-10 08:14:13,308 INFO Fetched 6532 records
2026-07-10 08:14:13,308 INFO Fetching metadata from https://data.cityofnewyork.us/api/views/metadata/v1/7479-ugqb
2026-07-10 08:14:13,690 INFO Saving data to Daily data/2026_07_09.json
2026-07-10 08:14:13,735 INFO Saved data successfully.
2026-07-11 07:03:01,009 INFO Fetching data from https://data.cityofnewyork.us/resource/7479-ugqb.json
2026-07-11 07:03:01,888 INFO Fetched 6547 records
2026-07-11 07:03:01,889 INFO Fetching metadata from https://data.cityofnewyork.us/api/views/metadata/v1/7479-ugqb
2026-07-11 07:03:02,066 INFO Saving data to Daily data/2026_07_10.json
2026-07-11 07:03:02,111 INFO Saved data successfully.
2026-07-12 07:22:56,077 INFO Fetching data from https://data.cityofnewyork.us/resource/7479-ugqb.json
2026-07-12 07:22:59,756 INFO Fetched 6547 records
2026-07-12 07:22:59,756 INFO Fetching metadata from https://data.cityofnewyork.us/api/views/metadata/v1/7479-ugqb
2026-07-12 07:23:02,070 INFO Saving data to Daily data/2026_07_10.json
2026-07-12 07:23:02,117 INFO Saved data successfully.
2026-07-13 07:59:36,987 INFO Fetching data from https://data.cityofnewyork.us/resource/7479-ugqb.json
2026-07-13 07:59:38,106 INFO Fetched 6575 records
2026-07-13 07:59:38,106 INFO Fetching metadata from https://data.cityofnewyork.us/api/views/metadata/v1/7479-ugqb
2026-07-13 07:59:38,390 INFO Saving data to Daily data/2026_07_12.json
2026-07-13 07:59:38,434 INFO Saved data successfully.
2026-07-14 07:00:41,658 INFO Fetching data from https://data.cityofnewyork.us/resource/7479-ugqb.json
2026-07-14 07:00:42,952 INFO Fetched 6575 records
2026-07-14 07:00:42,953 INFO Fetching metadata from https://data.cityofnewyork.us/api/views/metadata/v1/7479-ugqb
2026-07-14 07:00:43,417 INFO Saving data to Daily data/2026_07_12.json
2026-07-14 07:00:43,464 INFO Saved data successfully.
2026-07-15 07:03:53,838 INFO Fetching data from https://data.cityofnewyork.us/resource/7479-ugqb.json
2026-07-15 07:03:58,630 INFO Fetched 6583 records
2026-07-15 07:03:58,630 INFO Fetching metadata from https://data.cityofnewyork.us/api/views/metadata/v1/7479-ugqb
2026-07-15 07:03:59,442 INFO Saving data to Daily data/2026_07_14.json
2026-07-15 07:03:59,486 INFO Saved data successfully.
2026-07-16 07:12:35,951 INFO Fetching data from https://data.cityofnewyork.us/resource/7479-ugqb.json
2026-07-16 07:12:37,627 INFO Fetched 6576 records
2026-07-16 07:12:37,627 INFO Fetching metadata from https://data.cityofnewyork.us/api/views/metadata/v1/7479-ugqb
2026-07-16 07:12:37,927 INFO Saving data to Daily data/2026_07_15.json
2026-07-16 07:12:37,972 INFO Saved data successfully.
2026-07-17 07:07:29,474 INFO Fetching data from https://data.cityofnewyork.us/resource/7479-ugqb.json
2026-07-17 07:07:30,635 INFO Fetched 6578 records
2026-07-17 07:07:30,635 INFO Fetching metadata from https://data.cityofnewyork.us/api/views/metadata/v1/7479-ugqb
2026-07-17 07:07:31,001 INFO Saving data to Daily data/2026_07_16.json
2026-07-17 07:07:31,033 INFO Saved data successfully.
2026-07-18 06:50:51,849 INFO Fetching data from https://data.cityofnewyork.us/resource/7479-ugqb.json
2026-07-18 06:50:52,777 INFO Fetched 6583 records
2026-07-18 06:50:52,777 INFO Fetching metadata from https://data.cityofnewyork.us/api/views/metadata/v1/7479-ugqb
2026-07-18 06:50:52,986 INFO Saving data to Daily data/2026_07_17.json
2026-07-18 06:50:53,032 INFO Saved data successfully.
2026-07-19 07:19:45,251 INFO Fetching data from https://data.cityofnewyork.us/resource/7479-ugqb.json
2026-07-19 07:19:46,590 INFO Fetched 6583 records
2026-07-19 07:19:46,591 INFO Fetching metadata from https://data.cityofnewyork.us/api/views/metadata/v1/7479-ugqb
2026-07-19 07:19:46,941 INFO Saving data to Daily data/2026_07_17.json
2026-07-19 07:19:46,989 INFO Saved data successfully.
2026-07-20 07:49:36,997 INFO Fetching data from https://data.cityofnewyork.us/resource/7479-ugqb.json
2026-07-20 07:49:37,732 INFO Fetched 6583 records
2026-07-20 07:49:37,733 INFO Fetching metadata from https://data.cityofnewyork.us/api/views/metadata/v1/7479-ugqb
2026-07-20 07:49:37,975 INFO Saving data to Daily data/2026_07_17.json
2026-07-20 07:49:38,088 INFO Saved data successfully.
2026-07-21 07:25:42,054 INFO Fetching data from https://data.cityofnewyork.us/resource/7479-ugqb.json
2026-07-21 07:25:42,644 INFO Fetched 6627 records
2026-07-21 07:25:42,644 INFO Fetching metadata from https://data.cityofnewyork.us/api/views/metadata/v1/7479-ugqb
2026-07-21 07:25:42,804 INFO Saving data to Daily data/2026_07_20.json
2026-07-21 07:25:42,851 INFO Saved data successfully.
2026-07-22 07:27:41,769 INFO Fetching data from https://data.cityofnewyork.us/resource/7479-ugqb.json
2026-07-22 07:27:42,721 INFO Fetched 6605 records
2026-07-22 07:27:42,721 INFO Fetching metadata from https://data.cityofnewyork.us/api/views/metadata/v1/7479-ugqb
2026-07-22 07:27:42,875 INFO Saving data to Daily data/2026_07_21.json
2026-07-22 07:27:42,957 INFO Saved data successfully.
2026-07-23 07:25:43,855 INFO Fetching data from https://data.cityofnewyork.us/resource/7479-ugqb.json
2026-07-23 07:25:44,331 INFO Fetched 6604 records
2026-07-23 07:25:44,332 INFO Fetching metadata from https://data.cityofnewyork.us/api/views/metadata/v1/7479-ugqb
2026-07-23 07:25:44,613 INFO Saving data to Daily data/2026_07_22.json
2026-07-23 07:25:44,659 INFO Saved data successfully.
2026-07-24 07:23:54,201 INFO Fetching data from https://data.cityofnewyork.us/resource/7479-ugqb.json
2026-07-24 07:23:56,068 INFO Fetched 6566 records
2026-07-24 07:23:56,069 INFO Fetching metadata from https://data.cityofnewyork.us/api/views/metadata/v1/7479-ugqb
2026-07-24 07:23:56,398 INFO Saving data to Daily data/2026_07_23.json
2026-07-24 07:23:56,443 INFO Saved data successfully.
2026-07-25 07:06:59,716 INFO Fetching data from https://data.cityofnewyork.us/resource/7479-ugqb.json
2026-07-25 07:07:00,893 INFO Fetched 6572 records
2026-07-25 07:07:00,893 INFO Fetching metadata from https://data.cityofnewyork.us/api/views/metadata/v1/7479-ugqb
2026-07-25 07:07:01,292 INFO Saving data to Daily data/2026_07_24.json
2026-07-25 07:07:01,327 INFO Saved data successfully.
2026-07-26 07:29:00,900 INFO Fetching data from https://data.cityofnewyork.us/resource/7479-ugqb.json
2026-07-26 07:29:08,278 INFO Fetched 6572 records
2026-07-26 07:29:08,278 INFO Fetching metadata from https://data.cityofnewyork.us/api/views/metadata/v1/7479-ugqb
2026-07-26 07:29:13,345 INFO Saving data to Daily data/2026_07_24.json
2026-07-26 07:29:13,377 INFO Saved data successfully.
2026-07-27 08:19:17,891 INFO Fetching data from https://data.cityofnewyork.us/resource/7479-ugqb.json
2026-07-27 08:19:18,873 INFO Fetched 6572 records
2026-07-27 08:19:18,874 INFO Fetching metadata from https://data.cityofnewyork.us/api/views/metadata/v1/7479-ugqb
2026-07-27 08:19:19,206 INFO Saving data to Daily data/2026_07_24.json
2026-07-27 08:19:19,253 INFO Saved data successfully.
2026-07-28 07:28:35,819 INFO Fetching data from https://data.cityofnewyork.us/resource/7479-ugqb.json
2026-07-28 07:28:36,710 INFO Fetched 6569 records
2026-07-28 07:28:36,710 INFO Fetching metadata from https://data.cityofnewyork.us/api/views/metadata/v1/7479-ugqb
2026-07-28 07:28:36,922 INFO Saving data to Daily data/2026_07_27.json
2026-07-28 07:28:36,969 INFO Saved data successfully.
2026-07-29 07:35:10,474 INFO Fetching data from https://data.cityofnewyork.us/resource/7479-ugqb.json
2026-07-29 07:35:11,436 INFO Fetched 6555 records
2026-07-29 07:35:11,436 INFO Fetching metadata from https://data.cityofnewyork.us/api/views/metadata/v1/7479-ugqb
2026-07-29 07:35:11,638 INFO Saving data to Daily data/2026_07_28.json
2026-07-29 07:35:11,687 INFO Saved data successfully.
2026-07-30 07:24:38,159 INFO Fetching data from https://data.cityofnewyork.us/resource/7479-ugqb.json
2026-07-30 07:24:39,795 INFO Fetched 6559 records
2026-07-30 07:24:39,795 INFO Fetching metadata from https://data.cityofnewyork.us/api/views/metadata/v1/7479-ugqb
2026-07-30 07:24:40,442 INFO Saving data to Daily data/2026_07_29.json
2026-07-30 07:24:40,488 INFO Saved data successfully.
2026-07-31 07:42:50,804 INFO Fetching data from https://data.cityofnewyork.us/resource/7479-ugqb.json
2026-07-31 07:42:52,057 INFO Fetched 6532 records
2026-07-31 07:42:52,057 INFO Fetching metadata from https://data.cityofnewyork.us/api/views/metadata/v1/7479-ugqb
2026-07-31 07:42:52,230 INFO Saving data to Daily data/2026_07_30.json
2026-07-31 07:42:52,276 INFO Saved data successfully.
2026-08-01 07:21:54,228 INFO Fetching data from https://data.cityofnewyork.us/resource/7479-ugqb.json
2026-08-01 07:21:55,188 INFO Fetched 6517 records
2026-08-01 07:21:55,189 INFO Fetching metadata from https://data.cityofnewyork.us/api/views/metadata/v1/7479-ugqb
2026-08-01 07:21:55,578 INFO Saving data to Daily data/2026_07_31.json
2026-08-01 07:21:55,624 INFO Saved data successfully.
2026-08-02 07:25:15,727 INFO Fetching data from https://data.cityofnewyork.us/resource/7479-ugqb.json
2026-08-02 07:25:16,893 INFO Fetched 6484 records
2026-08-02 07:25:16,893 INFO Fetching metadata from https://data.cityofnewyork.us/api/views/metadata/v1/7479-ugqb
2026-08-02 07:25:17,287 INFO Saving data to Daily data/2026_08_01.json
2026-08-02 07:25:17,333 INFO Saved data successfully.
2026-08-03 08:17:32,563 INFO Fetching data from https://data.cityofnewyork.us/resource/7479-ugqb.json
2026-08-03 08:17:33,617 INFO Fetched 6518 records
2026-08-03 08:17:33,617 INFO Fetching metadata from https://data.cityofnewyork.us/api/views/metadata/v1/7479-ugqb
2026-08-03 08:17:34,008 INFO Saving data to Daily data/2026_08_02.json
2026-08-03 08:17:34,054 INFO Saved data successfully.
2026-08-04 07:28:45,301 INFO Fetching data from https://data.cityofnewyork.us/resource/7479-ugqb.json
2026-08-04 07:28:46,124 INFO Fetched 6513 records
2026-08-04 07:28:46,125 INFO Fetching metadata from https://data.cityofnewyork.us/api/views/metadata/v1/7479-ugqb
2026-08-04 07:28:46,338 INFO Saving data to Daily data/2026_08_03.json
2026-08-04 07:28:46,384 INFO Saved data successfully.
2026-08-05 07:29:29,097 INFO Fetching data from https://data.cityofnewyork.us/resource/7479-ugqb.json
2026-08-05 07:29:31,332 INFO Fetched 6463 records
2026-08-05 07:29:31,332 INFO Fetching metadata from https://data.cityofnewyork.us/api/views/metadata/v1/7479-ugqb
2026-08-05 07:29:31,546 INFO Saving data to Daily data/2026_08_04.json
2026-08-05 07:29:31,590 INFO Saved data successfully.
2026-08-06 07:29:41,890 INFO Fetching data from https://data.cityofnewyork.us/resource/7479-ugqb.json
2026-08-06 07:29:42,449 INFO Fetched 6461 records
2026-08-06 07:29:42,449 INFO Fetching metadata from https://data.cityofnewyork.us/api/views/metadata/v1/7479-ugqb
2026-08-06 07:29:42,666 INFO Saving data to Daily data/2026_08_05.json
2026-08-06 07:29:42,711 INFO Saved data successfully.
2026-08-07 06:02:30,530 INFO Fetching data from https://data.cityofnewyork.us/resource/7479-ugqb.json
2026-08-07 06:02:31,815 INFO Fetched 6452 records
2026-08-07 06:02:31,815 INFO Fetching metadata from https://data.cityofnewyork.us/api/views/metadata/v1/7479-ugqb
2026-08-07 06:02:32,023 INFO Saving data to Daily data/2026_08_06.json
2026-08-07 06:02:32,050 INFO Saved data successfully.
2026-08-08 05:32:35,033 INFO Fetching data from https://data.cityofnewyork.us/resource/7479-ugqb.json
2026-08-08 05:32:35,752 INFO Fetched 6454 records
2026-08-08 05:32:35,752 INFO Fetching metadata from https://data.cityofnewyork.us/api/views/metadata/v1/7479-ugqb
2026-08-08 05:32:35,836 INFO Saving data to Daily data/2026_08_07.json
2026-08-08 05:32:35,882 INFO Saved data successfully.
2026-08-09 05:38:41,821 INFO Fetching data from https://data.cityofnewyork.us/resource/7479-ugqb.json
2026-08-09 05:38:42,687 INFO Fetched 6458 records
2026-08-09 05:38:42,687 INFO Fetching metadata from https://data.cityofnewyork.us/api/views/metadata/v1/7479-ugqb
2026-08-09 05:38:43,038 INFO Saving data to Daily data/2026_08_08.json
2026-08-09 05:38:43,086 INFO Saved data successfully.
2026-08-10 06:04:55,442 INFO Fetching data from https://data.cityofnewyork.us/resource/7479-ugqb.json
2026-08-10 06:04:56,547 INFO Fetched 6495 records
2026-08-10 06:04:56,548 INFO Fetching metadata from https://data.cityofnewyork.us/api/views/metadata/v1/7479-ugqb
2026-08-10 06:04:57,014 INFO Saving data to Daily data/2026_08_09.json
2026-08-10 06:04:57,079 INFO Saved data successfully.
2026-08-11 05:44:33,503 INFO Fetching data from https://data.cityofnewyork.us/resource/7479-ugqb.json
2026-08-11 05:44:34,846 INFO Fetched 6526 records
2026-08-11 05:44:34,846 INFO Fetching metadata from https://data.cityofnewyork.us/api/views/metadata/v1/7479-ugqb
2026-08-11 05:44:35,033 INFO Saving data to Daily data/2026_08_10.json
2026-08-11 05:44:35,078 INFO Saved data successfully.
2026-08-12 06:06:13,216 INFO Fetching data from https://data.cityofnewyork.us/resource/7479-ugqb.json
2026-08-12 06:06:15,662 INFO Fetched 6506 records
2026-08-12 06:06:15,663 INFO Fetching metadata from https://data.cityofnewyork.us/api/views/metadata/v1/7479-ugqb
2026-08-12 06:06:16,011 INFO Saving data to Daily data/2026_08_11.json
2026-08-12 06:06:16,057 INFO Saved data successfully.
2026-08-13 06:08:04,297 INFO Fetching data from https://data.cityofnewyork.us/resource/7479-ugqb.json
2026-08-13 06:08:05,830 INFO Fetched 6516 records
2026-08-13 06:08:05,831 INFO Fetching metadata from https://data.cityofnewyork.us/api/views/metadata/v1/7479-ugqb
2026-08-13 06:08:06,203 INFO Saving data to Daily data/2026_08_12.json
2026-08-13 06:08:06,249 INFO Saved data successfully.
2026-08-14 06:06:24,707 INFO Fetching data from https://data.cityofnewyork.us/resource/7479-ugqb.json
2026-08-14 06:06:25,498 INFO Fetched 6503 records
2026-08-14 06:06:25,498 INFO Fetching metadata from https://data.cityofnewyork.us/api/views/metadata/v1/7479-ugqb
2026-08-14 06:06:25,654 INFO Saving data to Daily data/2026_08_13.json
2026-08-14 06:06:25,699 INFO Saved data successfully.
2026-08-15 05:13:38,414 INFO Fetching data from https://data.cityofnewyork.us/resource/7479-ugqb.json
2026-08-15 05:13:39,156 INFO Fetched 6499 records
2026-08-15 05:13:39,156 INFO Fetching metadata from https://data.cityofnewyork.us/api/views/metadata/v1/7479-ugqb
2026-08-15 05:13:39,280 INFO Saving data to Daily data/2026_08_14.json
2026-08-15 05:13:39,327 INFO Saved data successfully.
2026-08-16 05:16:14,663 INFO Fetching data from https://data.cityofnewyork.us/resource/7479-ugqb.json
2026-08-16 05:16:15,610 INFO Fetched 6484 records
2026-08-16 05:16:15,610 INFO Fetching metadata from https://data.cityofnewyork.us/api/views/metadata/v1/7479-ugqb
2026-08-16 05:16:15,998 INFO Saving data to Daily data/2026_08_15.json
2026-08-16 05:16:16,044 INFO Saved data successfully.
2026-08-17 05:24:10,976 INFO Fetching data from https://data.cityofnewyork.us/resource/7479-ugqb.json
2026-08-17 05:24:12,174 INFO Fetched 6519 records
2026-08-17 05:24:12,174 INFO Fetching metadata from https://data.cityofnewyork.us/api/views/metadata/v1/7479-ugqb
2026-08-17 05:24:12,342 INFO Saving data to Daily data/2026_08_16.json
2026-08-17 05:24:12,388 INFO Saved data successfully.
2026-08-18 05:17:38,705 INFO Fetching data from https://data.cityofnewyork.us/resource/7479-ugqb.json
2026-08-18 05:17:39,740 INFO Fetched 6540 records
2026-08-18 05:17:39,740 INFO Fetching metadata from https://data.cityofnewyork.us/api/views/metadata/v1/7479-ugqb
2026-08-18 05:17:40,023 INFO Saving data to Daily data/2026_08_17.json
2026-08-18 05:17:40,055 INFO Saved data successfully.
2026-08-19 05:18:08,006 INFO Fetching data from https://data.cityofnewyork.us/resource/7479-ugqb.json
2026-08-19 05:18:09,161 INFO Fetched 6513 records
2026-08-19 05:18:09,161 INFO Fetching metadata from https://data.cityofnewyork.us/api/views/metadata/v1/7479-ugqb
2026-08-19 05:18:09,416 INFO Saving data to Daily data/2026_08_18.json
2026-08-19 05:18:09,463 INFO Saved data successfully.
2026-08-20 05:19:25,424 INFO Fetching data from https://data.cityofnewyork.us/resource/7479-ugqb.json
2026-08-20 05:19:26,656 INFO Fetched 6537 records
2026-08-20 05:19:26,656 INFO Fetching metadata from https://data.cityofnewyork.us/api/views/metadata/v1/7479-ugqb
2026-08-20 05:19:26,847 INFO Saving data to Daily data/2026_08_19.json
2026-08-20 05:19:26,895 INFO Saved data successfully.
2026-08-21 05:20:42,903 INFO Fetching data from https://data.cityofnewyork.us/resource/7479-ugqb.json
2026-08-21 05:20:44,234 INFO Fetched 6487 records
2026-08-21 05:20:44,234 INFO Fetching metadata from https://data.cityofnewyork.us/api/views/metadata/v1/7479-ugqb
2026-08-21 05:20:45,667 INFO Saving data to Daily data/2026_08_20.json
2026-08-21 05:20:45,704 INFO Saved data successfully.
2026-08-22 05:15:15,438 INFO Fetching data from https://data.cityofnewyork.us/resource/7479-ugqb.json
2026-08-22 05:15:17,446 INFO Fetched 6509 records
2026-08-22 05:15:17,447 INFO Fetching metadata from https://data.cityofnewyork.us/api/views/metadata/v1/7479-ugqb
2026-08-22 05:15:17,729 INFO Saving data to Daily data/2026_08_21.json
2026-08-22 05:15:17,756 INFO Saved data successfully.
2026-08-23 05:17:41,372 INFO Fetching data from https://data.cityofnewyork.us/resource/7479-ugqb.json
2026-08-23 05:17:42,067 INFO Fetched 6506 records
2026-08-23 05:17:42,067 INFO Fetching metadata from https://data.cityofnewyork.us/api/views/metadata/v1/7479-ugqb
2026-08-23 05:17:42,348 INFO Saving data to Daily data/2026_08_22.json
2026-08-23 05:17:42,391 INFO Saved data successfully.
2026-08-24 05:27:19,966 INFO Fetching data from https://data.cityofnewyork.us/resource/7479-ugqb.json
2026-08-24 05:27:21,463 INFO Fetched 6539 records
2026-08-24 05:27:21,463 INFO Fetching metadata from https://data.cityofnewyork.us/api/views/metadata/v1/7479-ugqb
2026-08-24 05:27:21,873 INFO Saving data to Daily data/2026_08_23.json
2026-08-24 05:27:21,898 INFO Saved data successfully.
2026-08-25 05:21:22,137 INFO Fetching data from https://data.cityofnewyork.us/resource/7479-ugqb.json
2026-08-25 05:21:23,766 INFO Fetched 6541 records
2026-08-25 05:21:23,767 INFO Fetching metadata from https://data.cityofnewyork.us/api/views/metadata/v1/7479-ugqb
2026-08-25 05:21:24,110 INFO Saving data to Daily data/2026_08_24.json
2026-08-25 05:21:24,156 INFO Saved data successfully.
2026-08-26 05:21:15,826 INFO Fetching data from https://data.cityofnewyork.us/resource/7479-ugqb.json
2026-08-26 05:21:17,927 INFO Fetched 6525 records
2026-08-26 05:21:17,927 INFO Fetching metadata from https://data.cityofnewyork.us/api/views/metadata/v1/7479-ugqb
2026-08-26 05:21:18,212 INFO Saving data to Daily data/2026_08_25.json
2026-08-26 05:21:18,258 INFO Saved data successfully.
2026-08-27 15:56:17,360 INFO Fetching data from https://data.cityofnewyork.us/resource/7479-ugqb.json
2026-08-27 15:56:19,435 INFO Fetched 6507 records
2026-08-27 15:56:19,435 INFO Fetching metadata from https://data.cityofnewyork.us/api/views/metadata/v1/7479-ugqb
2026-08-27 15:56:19,895 INFO Saving data to Daily data/2026_08_26.json
2026-08-27 15:56:19,941 INFO Saved data successfully.
2026-08-28 16:57:45,715 INFO Fetching data from https://data.cityofnewyork.us/resource/7479-ugqb.json
2026-08-28 16:57:46,845 INFO Fetched 6487 records
2026-08-28 16:57:46,845 INFO Fetching metadata from https://data.cityofnewyork.us/api/views/metadata/v1/7479-ugqb
2026-08-28 16:57:46,961 INFO Saving data to Daily data/2026_08_27.json
2026-08-28 16:57:47,006 INFO Saved data successfully.
2026-08-29 11:22:56,868 INFO Fetching data from https://data.cityofnewyork.us/resource/7479-ugqb.json
2026-08-29 11:22:58,528 INFO Fetched 6487 records
2026-08-29 11:22:58,528 INFO Fetching metadata from https://data.cityofnewyork.us/api/views/metadata/v1/7479-ugqb
2026-08-29 11:22:58,866 INFO Saving data to Daily data/2026_08_27.json
2026-08-29 11:22:58,985 INFO Saved data successfully.
